// Jest Snapshot v1, https://goo.gl/fbAQLP

exports[`Test the Components Renders the Home component  1`] = `
<div
  className="d-flex justify-content-center align-items-center ring"
>
  <h1>
    Loading...
  </h1>
</div>
`;
